eeschema (2011-05-25)-stable  >> Creation date: Thu 16 May 2013 17:15:03 BST

#Cmp ( order = Reference )
| C1         0.1uF       ;             
| C2         0.1uF       ;             
| C3         12pF        ;             
| C4         12pF        ;             
| C9         10nF        ;             
| C10        0.1uF       ;             
| C11        12pF        ;             
| C12        12pF        ;             
| C13        1uF         ;             
| C14        1uF         ;             
| C15        10nF        ;             
| C16        10nF        ;             
| C17        10nF        ;             
| C18        10nF        ;             
| C19        4.7uF       ;             
| C20        1uF         ;             
| C21        10uF        ;             
| C22        0.01uF      ;             
| C23        0.1uF       ;             
| C24        2.2uF       ;             
| C25        0.1uF       ;             
| C26        0.1uF       ;             
| C27        1uF         ;             
| C28        0.1uF       ;             
| C29        2.2uF       ;             
| D2         DBG         ;             
| L2         100MH       ;             
| L3         100MH       ;             
| L4         100MH       ;             
| P1         CONN_5      ;             
| P2         CONN_7      ;             
| R1         1K          ;             
| R2         33          ;             
| R3         33          ;             
| R4         10K         ;             
| R5         10K         ;             
| R6         10K         ;             
| R7         10K         ;             
| R8         1M          ;             
| R9         0           ;             
| R10        4.7K        ;             
| R11        4.7K        ;             
| R12        1M          ;             
| R13        200         ;             
| R14        0           ;             
| U1         USBCONN     ;             
| U2         AFE4490     ;             
| U3         MK50DX128CLH7;             
| U4         SN74AVCH4T245;             
| U5         SN74AVCH4T245;             
| U6         MPL115A2    ;             
| U7         SHT21       ;             
| U8         SPX1117M3-L-1-8;             
| U9         PAN1326     ;             
| U10        MMA7660FC   ;             
| X1         8MHz        ;             
| X2         24MHz       ;             
#End Cmp

#Cmp ( order = Value )
| 0            R9        ;             
| 0            R14       ;             
| 0.01uF       C22       ;             
| 0.1uF        C1        ;             
| 0.1uF        C2        ;             
| 0.1uF        C10       ;             
| 0.1uF        C23       ;             
| 0.1uF        C25       ;             
| 0.1uF        C26       ;             
| 0.1uF        C28       ;             
| 100MH        L2        ;             
| 100MH        L3        ;             
| 100MH        L4        ;             
| 10K          R4        ;             
| 10K          R5        ;             
| 10K          R6        ;             
| 10K          R7        ;             
| 10nF         C9        ;             
| 10nF         C15       ;             
| 10nF         C16       ;             
| 10nF         C17       ;             
| 10nF         C18       ;             
| 10uF         C21       ;             
| 12pF         C3        ;             
| 12pF         C4        ;             
| 12pF         C11       ;             
| 12pF         C12       ;             
| 1K           R1        ;             
| 1M           R8        ;             
| 1M           R12       ;             
| 1uF          C13       ;             
| 1uF          C14       ;             
| 1uF          C20       ;             
| 1uF          C27       ;             
| 2.2uF        C24       ;             
| 2.2uF        C29       ;             
| 200          R13       ;             
| 24MHz        X2        ;             
| 33           R2        ;             
| 33           R3        ;             
| 4.7K         R10       ;             
| 4.7K         R11       ;             
| 4.7uF        C19       ;             
| 8MHz         X1        ;             
| AFE4490      U2        ;             
| CONN_5       P1        ;             
| CONN_7       P2        ;             
| DBG          D2        ;             
| MK50DX128CLH7 U3        ;             
| MMA7660FC    U10       ;             
| MPL115A2     U6        ;             
| PAN1326      U9        ;             
| SHT21        U7        ;             
| SN74AVCH4T245 U4        ;             
| SN74AVCH4T245 U5        ;             
| SPX1117M3-L-1-8 U8        ;             
| USBCONN      U1        ;             
#End Cmp

#End List
