eeschema (2011-05-25)-stable  >> Creation date: Sun 27 Oct 2013 16:18:23 GMT

#Cmp ( order = Value )
| 0.1uF        C2        ;             
| 0.1uF        C3        ;             
| 0.1uF        C6        ;             
| 0.1uF        C12       ;             
| 0.1uF        C17       ;             
| 0.1uF        C20       ;             
| 0.1uF        C24       ;             
| 0.1uF        C25       ;             
| 0.1uF        C29       ;             
| 100K         R2        ;             
| 100MH        L3        ;             
| 100MH        L4        ;             
| 100MH        L5        ;             
| 10K          R10       ;             
| 10K          R11       ;             
| 10K          R12       ;             
| 10K          R13       ;             
| 10nF         C18       ;             
| 10nF         C21       ;             
| 10uF         C1        ;             
| 12pF         C15       ;             
| 12pF         C16       ;             
| 1K           R14       ;             
| 1uF          C19       ;             
| 1uF          C26       ;             
| 2.2uF        C4        ;             
| 2.2uF        C8        ;             
| 2.2uF        C22       ;             
| 2.2uF        C23       ;             
| 2.2uH        L1        ;             
| 200          R7        ;             
| 24MHz        X1        ;             
| 2K           R1        ;             
| 33           R3        ;             
| 33           R4        ;             
| 4.7K         R5        ;             
| 4.7K         R6        ;             
| 4.7uF        C5        ;             
| 4.7uF        C7        ;             
| 4.7uF        C11       ;             
| AFE4490      U13       ;             
| B130LAW      D1        ;             
| CONN_1       P1        ;             
| CONN_1       P3        ;             
| CONN_CORTEX_DEBUG U3        ;             
| DBG          D2        ;             
| DMP1045U     Q1        ;             
| LM3671-3.3   U1        ;             
| LMX9838      U4        ;             
| MCP73831     U5        ; SparkFun-SOT23-5
| MK50DX128CLH7 U2        ;             
| MMA7660FC    U11       ;             
| POX          P2        ;             
| SHT21        U9        ;             
| SWITCH_PUSHBUTTON SW1       ;             
| USB-MICROB   J1        ; SparkFun-USB-MICROB
#End Cmp

#End List
